// Jest Snapshot v1, https://goo.gl/fbAQLP

exports[`InternalServerErrorPage to match snapshot 1`] = `
<div>
  <div
    class="flex flex-col gap-4 items-center justify-center h-screen"
  >
    <h1
      class="text-9xl font-bold"
    >
      500
    </h1>
    <p
      class="text-4xl"
    >
      Internal Server Error
    </p>
  </div>
</div>
`;
