// Jest Snapshot v1, https://goo.gl/fbAQLP

exports[`NotFoundTemplate to match snapshot 1`] = `
<div>
  <main
    class="w-full h-screen flex flex-col justify-center items-center gap-4"
  >
    <h1
      class="uppercase text-9xl font-bold"
    >
      404
    </h1>
    <p
      class="uppercase text-3xl"
    >
      Page Not Found
    </p>
  </main>
</div>
`;
